EMDSolver status warnings and strict failure: Test Failed at C:\Users\hanti\energyflow_main\EnergyFlow.jl\test\test_emdsolver.jl:147
  Expression: isnan(val)

Stacktrace:
 [1] macro expansion
   @ C:\Users\hanti\AppData\Local\Programs\Julia-1.12.6\share\julia\stdlib\v1.12\Test\src\Test.jl:680 [inlined]
 [2] (::var"#15#16"{Matrix{Float64}, Matrix{Float64}})()
   @ Main .\none:0
Γöî Warning: emds_sinkhorn self pair had 6 out of 10 non-optimal results with backend :sinkhorn. Returned values may be invalid.
Γöö @ EnergyFlow C:\Users\hanti\energyflow_main\EnergyFlow.jl\src\EMDSolver.jl:155
Γöî Warning: emds_sinkhorn cross pair had 11 out of 20 non-optimal results with backend :sinkhorn. Returned values may be invalid.
Γöö @ EnergyFlow C:\Users\hanti\energyflow_main\EnergyFlow.jl\src\EMDSolver.jl:155
Sinkhorn status warnings and strict failure: Log Test Failed at C:\Users\hanti\energyflow_main\EnergyFlow.jl\test\test_sinkhorn.jl:232
  Expression: begin
    val = emd_sinkhorn(ev0, ev1; norm = true, max_iter_sinkhorn = 0, strict = false)
    #= C:\Users\hanti\energyflow_main\EnergyFlow.jl\test\test_sinkhorn.jl:234 =# @test isnan(val)
end
  Log Pattern: (:warn, r"status=:max_iter")
  Captured Logs: 

Stacktrace:
 [1] record(ts::Test.DefaultTestSet, t::Test.LogTestFailure)
   @ Test C:\Users\hanti\AppData\Local\Programs\Julia-1.12.6\share\julia\stdlib\v1.12\Test\src\logging.jl:166
 [2] top-level scope
   @ C:\Users\hanti\energyflow_main\EnergyFlow.jl\test\test_sinkhorn.jl:229
 [3] macro expansion
   @ C:\Users\hanti\AppData\Local\Programs\Julia-1.12.6\share\julia\stdlib\v1.12\Test\src\Test.jl:1777 [inlined]
 [4] macro expansion
   @ C:\Users\hanti\energyflow_main\EnergyFlow.jl\test\test_sinkhorn.jl:232 [inlined]
Sinkhorn status warnings and strict failure: Test Failed at C:\Users\hanti\energyflow_main\EnergyFlow.jl\test\test_sinkhorn.jl:237
  Expression: emd_sinkhorn(ev0, ev1; norm = true, max_iter_sinkhorn = 0, strict = true)
    Expected: ErrorException
  No exception thrown

Stacktrace:
 [1] top-level scope
   @ C:\Users\hanti\energyflow_main\EnergyFlow.jl\test\test_sinkhorn.jl:229
 [2] macro expansion
   @ C:\Users\hanti\AppData\Local\Programs\Julia-1.12.6\share\julia\stdlib\v1.12\Test\src\Test.jl:1777 [inlined]
 [3] macro expansion
   @ C:\Users\hanti\energyflow_main\EnergyFlow.jl\test\test_sinkhorn.jl:237 [inlined]
Test Summary:                                                         | Pass  Fail  Total   Time
EnergyFlow                                                            | 3948     3   3951  56.2s
  Distances                                                           |   17           17   0.9s
  EMD dispatch                                                        |   72           72   3.5s
  EMDSolver core                                                      |    5            5   0.2s
  EMDSolver raw solve                                                 |    4            4   0.0s
  EMDSolver unbalanced masses                                         |    4            4   0.0s
  EMDSolver tiny nonzero imbalances                                   |    3            3   0.0s
  EMDSolver gdim and wrappers                                         |   10           10   0.3s
  EMDSolver pairwise matrix reconstruction                            |   10           10   0.1s
  EMDSolver status warnings and strict failure                        |    3     1      4   2.1s
  NetworkSimplex constructor default type                             |    3            3   0.0s
  NetworkSimplex status branches                                      |    4            4   0.0s
  Parallel-block mode lifecycle and max_iter cleanup                  |    2            2   0.0s
  Full-parallel mode                                                  |   14           14   0.9s
  Unknown pivot mode is rejected                                      |    1            1   0.0s
  Parallel-block mode optimal cleanup                                 |    1            1   0.0s
  Parallel-block mode unbounded in main loop                          |    2            2   0.0s
  Parallel-block mode worker lifecycle coverage (multithread)         |    1            1   0.0s
  Parallel-block entering-arc false full scan                         |    3            3   0.1s
  Internal entering-arc scans                                         |    5            5   0.0s
  Parallel-block worker loop                                          |    2            2   0.0s
  Leaving arc and state flip branch                                   |    2            2   0.0s
  emds_ns64 ΓÇö self-pairwise basics                                    |    4            4   0.2s
  emds_ns64! ΓÇö self-pairwise in-place                                 |    4            4   0.0s
  emds_ot64 ΓÇö self-pairwise (arc mixing)                              |    3            3   0.0s
  emds_ot64! ΓÇö self-pairwise in-place (arc mixing)                    |    3            3   0.0s
  emds_ns32 ΓÇö self-pairwise Float32                                   |    3            3   0.0s
  emds_ns32! ΓÇö self-pairwise Float32 in-place                         |    3            3   0.0s
  emds_ot32 ΓÇö self-pairwise Float32 (arc mixing)                      |    3            3   0.0s
  emds_ot32! ΓÇö self-pairwise Float32 in-place (arc mixing)            |    2            2   0.0s
  emds_ns64 ΓÇö cross-pairwise                                          |    3            3   0.0s
  emds_ot64 ΓÇö cross-pairwise (arc mixing)                             |    3            3   0.0s
  emds_ns32 ΓÇö cross-pairwise Float32                                  |    3            3   0.0s
  emds_ot32 ΓÇö cross-pairwise Float32 (arc mixing)                     |    3            3   0.0s
  Self-pairwise consistency with individual emd calls (ns64)          |    3            3   0.0s
  Self-pairwise consistency with individual emd calls (ot64)          |    3            3   0.0s
  Self-pairwise consistency with individual emd calls (ns32)          |    3            3   0.0s
  Cross-pairwise consistency with individual emd calls (ns64)         |    6            6   0.0s
  Parameter variation: beta values (ns64)                             |    3            3   0.0s
  Parameter variation: R values (ns64)                                |    3            3   0.0s
  Parameter variation: norm flag (ns64)                               |    2            2   0.0s
  Backend consistency: ns64 vs ot64 (self-pairwise)                   |    3            3   0.0s
  Float32/Float64 consistency: ns64 vs ns32                           |    3            3   0.1s
  Float32/Float64 consistency: ot64 vs ot32                           |    3            3   0.0s
  Edge case: identical events (self-pairwise)                         |    1            1   0.0s
  Edge case: single particle events                                   |    2            2   0.0s
  Edge case: Many events (n=10)                                       |    2            2   0.0s
  In-place: Correct pre-allocation size                               |    3            3   0.0s
  In-place: Too-small pre-allocation should fail                      |    1            1   0.0s
  _flat_to_pair mapping (internal)                                    |    7            7   0.0s
  Multi-dimensional coordinates: 2D coords                            |    2            2   0.0s
  Multi-dimensional coordinates: 3D coords                            |    2            2   0.0s
  _pairwise_parallel! ΓÇö partition correctness                         | 2793         2793   0.2s
  Edge case: single-event self-pairwise (npairs == 0)                 |    6            6   0.0s
  Large self-pairwise consistency (exercises block-cyclic bsize > 1)  |  301          301   0.4s
  Large cross-pairwise consistency (exercises block-cyclic bsize > 1) |  157          157   0.0s
  HepMC3.Particle default constructor                                 |    8            8   0.0s
  HepMC3.read_events - basic                                          |   11           11   0.3s
  HepMC3.read_events - maxevents                                      |    2            2   0.1s
  HepMC3.read_events - skipevents                                     |    2            2   0.1s
  HepMC3.read_events - END_EVENT_LISTING sentinel                     |    1            1   0.1s
  HepMC3.read_events - maxevents early break in E chain               |    1            1   0.1s
  HepMC3.read_events - last event skipped returns early               |    1            1   0.1s
  load_hepmc3_events - sample file                                    |  201          201   0.7s
  load_hepmc3_events - maxevents                                      |    1            1   0.2s
  load_hepmc3_events - skipevents                                     |    1            1   0.5s
  load_hepmc3_events - min_pt filter                                  |    1            1   0.0s
  Event isotropy                                                      |   27           27   5.7s
  Sinkhorn basic functionality                                        |    3            3   0.0s
  Sinkhorn workspace reuse                                            |    1            1   0.1s
  Sinkhorn norm=false balanced totals branch                          |    3            3   0.0s
  Sinkhorn vs ns64 accuracy                                           |   28           28  27.5s
  Epsilon sensitivity                                                 |                 0   0.4s
  Annealing comparison                                                |                 0   0.8s
  Sinkhorn pairwise                                                   |    1            1   0.3s
  Sinkhorn cross-pairwise                                             |    2            2   0.3s
  Sinkhorn single-event self-pairwise (npairs == 0)                   |    1            1   0.0s
  Sinkhorn status warnings and strict failure                         |    1     2      3   3.0s
  Sinkhorn pairwise metric validation                                 |    1            1   0.2s
  _unpack_event ΓÇö basic extraction                                    |    4            4   0.0s
  _unpack_event ΓÇö 2D coordinates                                      |    5            5   0.0s
  _unpack_event ΓÇö gdim truncation                                     |    4            4   0.0s
  _unpack_event ΓÇö gdim=2 out of 3 columns                             |    3            3   0.0s
  _unpack_event ΓÇö Float32 conversion                                  |    3            3   0.4s
  _unpack_event ΓÇö single particle                                     |    4            4   0.0s
  _unpack_event ΓÇö gdim exceeds columns errors                         |    1            1   0.0s
  _unpack_event ΓÇö default Float64 dispatch                            |    2            2   0.0s
  _emd_raw_alloc ΓÇö basic solve                                        |    2            2   0.0s
  _emd_raw_alloc ΓÇö identical events                                   |    2            2   0.0s
  _emd_raw_alloc ΓÇö type promotion                                     |    3            3   0.4s
  Precompile safety: nthreads sizing                                  |    8            8   0.0s
  Precompile safety: threaded pairwise correct after precompile       |    4            4   0.3s
  Backend management                                                  |    3            3   0.0s
  emd_ns64 ΓÇö identical distributions                                  |    1            1   0.0s
  emd_ns64 ΓÇö shifted distributions                                    |    1            1   0.0s
  emd_ns64 ΓÇö beta=2                                                   |    1            1   0.0s
  emd_ns64 ΓÇö R scaling                                                |    1            1   0.0s
  emd_ns64! ΓÇö workspace reuse                                         |    2            2   0.0s
  emd! ΓÇö backend dispatch                                             |    2            2   0.0s
  emd ΓÇö allocating convenience                                        |    1            1   0.0s
  emds_ns64 ΓÇö self-pairwise                                           |    2            2   0.0s
  gdim and custom metrics                                             |    4            4   1.0s
  HepMC3 loader                                                       |    8            8   0.2s
  emds ΓÇö backend dispatch                                             |    2            2   0.0s
  emd_ns32 ΓÇö identical distributions                                  |    2            2   0.0s
  emd_ns32 ΓÇö shifted distributions                                    |    2            2   0.0s
  emd_ot32 ΓÇö shifted distributions                                    |    2            2   0.0s
  Float32 ΓÇö beta and R variations                                     |    4            4   0.0s
  ns32 vs ns64 cross-validation                                       |   18           18   0.0s
  ot32 vs ot64 cross-validation                                       |   18           18   0.0s
  emd_ns32! ΓÇö workspace reuse                                         |    3            3   0.0s
  Backend switching ΓÇö ns32/ot32                                       |    6            6   0.0s
  emds_ns32 ΓÇö self-pairwise                                           |    3            3   0.0s
  emds_ot32 ΓÇö self-pairwise                                           |    3            3   0.0s
  NetworkSimplex direct usage                                         |    2            2   0.0s
RNG of the outermost testset: Xoshiro(0x942d8c600df1a484, 0xbcdff878f1715dcf, 0xcd7e005c80af4ebe, 0x9e31efb285066c7a, 0x21a1057b08df3efd)
ERROR: LoadError: Some tests did not pass: 3948 passed, 3 failed, 0 errored, 0 broken.
in expression starting at C:\Users\hanti\energyflow_main\EnergyFlow.jl\test\runtests.jl:8
